1,1,1,0,1

1,0,1,1,0

0,1,0,1,0,1

1,0,1,0,1

29
22
21
21
1,1,1,0,1,1,0

1,0,1,1,0,0,1

0,1,0,1,0,1

1,0,1,0,1

118
89
21
21
