-infinity
+infinity
undefined
+infinity
undefined
-infinity
undefined
undefined
undefined
undefined
undefined
undefined
-infinity
0
undefined
