Dimensions: 5x5
Number of rectangles: 2
	[Blue (1,1) 4x4]
	[Yellow (0,0) 2x3]
temporary canvas
Dimensions: 30x35
Number of rectangles: 3
	[Yellow (0,0) 2x3]
	[Yellow (20,20) 5x15]
	[Blue (0,20) 10x30]
Dimensions: 5x5
Number of rectangles: 2
	[Blue (1,1) 4x4]
	[Yellow (0,0) 2x3]
temporary canvas
Dimensions: 30x35
Number of rectangles: 3
	[Yellow (0,0) 2x3]
	[Yellow (20,20) 5x15]
	[Blue (0,20) 10x30]
Dimensions: 5x5
Number of rectangles: 2
	[Blue (1,1) 4x4]
	[Yellow (0,0) 2x3]
temporary canvas
Dimensions: 30x35
Number of rectangles: 2
	[Yellow (20,20) 5x15]
	[Blue (0,20) 10x30]
Dimensions: 5x5
Number of rectangles: 2
	[Blue (1,1) 4x4]
	[Yellow (0,0) 2x3]
