Dimensions: 3x8
Number of rectangles: 1
	[Blue (4,2) 1x4]
Dimensions: 8x8
Number of rectangles: 2
	[Blue (4,2) 1x4]
	[Blue (4,2) 6x0]
