Dimensions: 5x5
Number of rectangles: 1
	[Blue (1,1) 4x4]
Dimensions: 2x3
Number of rectangles: 1
	[Blue (0,0) 2x3]
Dimensions: 5x1
Number of rectangles: 1
	[Blue (0,1) 4x1]
Dimensions: 10x2
Number of rectangles: 1
	[Blue (1,9) 1x1]
Dimensions: 1x1
Number of rectangles: 1
	[Blue (0,0) 1x1]
