Dimensions: 5x5
Number of rectangles: 1
	[Blue (1,1) 4x4]
Dimensions: 5x5
Number of rectangles: 1
	[Blue (1,1) 4x4]
Dimensions: 30x35
Number of rectangles: 2
	[Yellow (20,20) 5x15]
	[Blue (0,20) 10x30]
Dimensions: 30x35
Number of rectangles: 3
	[Yellow (20,20) 5x15]
	[Blue (0,20) 10x30]
	[Blue (1,1) 4x4]
Dimensions: 5x5
Number of rectangles: 2
	[Blue (1,1) 4x4]
	[Blue (0,0) 1x1]
