Dimensions: 0x0
Number of rectangles: 0
Dimensions: 0x0
Number of rectangles: 1
	[Blue (-5,-5) 4x4]
Dimensions: 5x5
Number of rectangles: 2
	[Blue (-5,-5) 4x4]
	[Blue (1,1) 4x4]
Dimensions: 5x5
Number of rectangles: 1
	[Blue (-5,-5) 10x10]
