Dimensions: 5x5
Number of rectangles: 1
	[Blue (1,1) 4x4]
Dimensions: 5x5
Number of rectangles: 1
	[Yellow (1,1) 4x4]
Dimensions: 6x6
Number of rectangles: 1
	[Yellow (2,2) 4x4]
Dimensions: 10x10
Number of rectangles: 1
	[Yellow (2,2) 8x8]
Dimensions: 18x34
Number of rectangles: 1
	[Yellow (2,2) 16x32]
